// Jest Snapshot v1, https://goo.gl/fbAQLP

exports[`Steps should render component 1`] = `
<div
  className="mfui-beta-steps"
>
  <Header
    as="h2"
    className="mfui-beta-steps__title"
    color="black"
    hAlign="center"
  >
    title
  </Header>
  <ul
    className="mfui-beta-steps__list"
  >
    <li
      className="mfui-beta-steps__item"
      key="0"
    >
      <span
        className="mfui-beta-steps__step-number"
      >
        1
      </span>
      <div
        className="mfui-beta-steps__text-wrapper"
      >
        <Paragraph
          hasMargin={false}
        >
          text-1
        </Paragraph>
      </div>
    </li>
    <li
      className="mfui-beta-steps__item"
      key="1"
    >
      <span
        className="mfui-beta-steps__step-number"
      >
        2
      </span>
      <div
        className="mfui-beta-steps__text-wrapper"
      >
        <Paragraph
          hasMargin={false}
        >
          text with 
          <TextLink
            color="blue"
            href="#"
            key="1"
            target="_self"
            underlineStyle="solid"
            underlineVisibility="hover"
          >
            link
          </TextLink>
        </Paragraph>
      </div>
    </li>
    <li
      className="mfui-beta-steps__item"
      key="2"
    >
      <span
        className="mfui-beta-steps__step-number"
      >
        3
      </span>
      <div
        className="mfui-beta-steps__text-wrapper"
      >
        <Paragraph
          hasMargin={false}
        >
          bold 
          <component
            key="1"
          >
            text
          </component>
        </Paragraph>
      </div>
    </li>
  </ul>
</div>
`;
