// Jest Snapshot v1, https://goo.gl/fbAQLP

exports[`StepsItem should render component 1`] = `
<div
  className="mfui-beta-steps-item"
>
  <span
    className="mfui-beta-steps-item__step-number"
  >
    1
  </span>
  <div
    className="mfui-beta-steps-item__text-wrapper"
  >
    <Paragraph
      hasMargin={false}
    >
      text 
      <TextLink
        className=""
        color="blue"
        href="#"
        key="1"
        target="_self"
        underlineStyle="solid"
        underlineVisibility="hover"
      >
        link
      </TextLink>
       
      <component
        className=""
        key="3"
      >
        bold
      </component>
    </Paragraph>
  </div>
</div>
`;
